[aiter] WARNING: NUMA balancing is enabled, which may cause errors. It is recommended to disable NUMA balancing by running "sudo sh -c 'echo 0 > /proc/sys/kernel/numa_balancing'" for more details: https://rocm.docs.amd.com/en/latest/how-to/system-optimization/mi300x.html#disable-numa-auto-balancing
[aiter] [pid=1357 pname=MainProcess] start build [module_aiter_core] under /job/aiter-build-cache/jit/build/module_aiter_core
[aiter] Current hipcc not support: -mllvm -amdgpu-coerce-illegal-types=1, skip it.
[aiter] [pid=1357 pname=MainProcess] [32mfinish build [module_aiter_core], cost 14.5s [0m
[aiter] import [module_aiter_core] under /job/aiter-build-cache/jit/module_aiter_core.so
[aiter] [pid=1357 pname=MainProcess] start build [module_fmha_v3_fwd] under /job/aiter-build-cache/jit/build/module_fmha_v3_fwd
[aiter] [pid=1357 pname=MainProcess] [32mfinish build [module_fmha_v3_fwd], cost 27.6s [0m
[aiter] import [module_fmha_v3_fwd] under /job/aiter-build-cache/jit/module_fmha_v3_fwd.so
[aiter] type hints mismatch, override to --> fmha_v3_fwd(q: torch.Tensor, k: torch.Tensor, v: torch.Tensor, dropout_p: float, softmax_scale: float, is_causal: bool, window_size_left: int, window_size_right: int, return_softmax_lse: bool, return_dropout_randval: bool, how_v3_bf16_cvt: int, out: Optional[torch.Tensor] = None, bias: Optional[torch.Tensor] = None, alibi_slopes: Optional[torch.Tensor] = None, q_descale: Optional[torch.Tensor] = None, k_descale: Optional[torch.Tensor] = None, v_descale: Optional[torch.Tensor] = None, gen: Optional[torch.Generator] = None) -> List[torch.Tensor]
[aiter] pciChipId: 0x74a1, CU count: 304
[aiter] LoadKernel: _ZN5aiter25fmha_fwd_hd128_fp8_causalE hsaco: /job/aiter-validation/hsa//gfx942/fmha_v3_fwd/MI300/fwd_hd128_fp8_causal.co
[W909 15:39:59.169963507 collection.cpp:1133] Warning: ROCTracer produced duplicate flow start: 4 (function operator())
[aiter] LoadKernel: _ZN5aiter31fmha_fwd_hd128_bf16_causal_rtnaE hsaco: /job/aiter-validation/hsa//gfx942/fmha_v3_fwd/MI300/fwd_hd128_bf16_causal_rtna.co
Traceback (most recent call last):
  File "<string>", line 1, in <module>
  File "/usr/lib/python3.10/runpy.py", line 289, in run_path
    return _run_module_code(code, init_globals, run_name,
  File "/usr/lib/python3.10/runpy.py", line 96, in _run_module_code
    _run_code(code, mod_globals, init_globals,
  File "/usr/lib/python3.10/runpy.py", line 86, in _run_code
    exec(code, run_globals)
  File "op_tests/test_mha_fp8.py", line 340, in <module>
    test_flash_attn_output(
  File "op_tests/test_mha_fp8.py", line 219, in test_flash_attn_output
    assert lse_max_diff < 0.01
AssertionError
Output nrms: 0.00628662109375
Output max diff: 0.0390625
LSE max diff: 3.2928357124328613
