[aiter] WARNING: NUMA balancing is enabled, which may cause errors. It is recommended to disable NUMA balancing by running "sudo sh -c 'echo 0 > /proc/sys/kernel/numa_balancing'" for more details: https://rocm.docs.amd.com/en/latest/how-to/system-optimization/mi300x.html#disable-numa-auto-balancing
[aiter] import [module_aiter_core] under /job/aiter-build-cache/jit/module_aiter_core.so
[aiter] [pid=1957 pname=MainProcess] start build [module_fmha_v3_varlen_fwd] under /job/aiter-build-cache/jit/build/module_fmha_v3_varlen_fwd
[aiter] Current hipcc not support: -mllvm -amdgpu-coerce-illegal-types=1, skip it.
[aiter] [pid=1957 pname=MainProcess] [32mfinish build [module_fmha_v3_varlen_fwd], cost 35.3s [0m
[aiter] import [module_fmha_v3_varlen_fwd] under /job/aiter-build-cache/jit/module_fmha_v3_varlen_fwd.so
[aiter] type hints mismatch, override to --> fmha_v3_varlen_fwd(q: torch.Tensor, k: torch.Tensor, v: torch.Tensor, cu_seqlens_q: torch.Tensor, cu_seqlens_k: torch.Tensor, max_seqlen_q: int, max_seqlen_k: int, min_seqlen_q: int, dropout_p: float, softmax_scale: float, logits_soft_cap: float, zero_tensors: bool, is_causal: bool, window_size_left: int, window_size_right: int, return_softmax_lse: bool, return_dropout_randval: bool, how_v3_bf16_cvt: int, out: Optional[torch.Tensor] = None, block_table: Optional[torch.Tensor] = None, bias: Optional[torch.Tensor] = None, alibi_slopes: Optional[torch.Tensor] = None, q_descale: Optional[torch.Tensor] = None, k_descale: Optional[torch.Tensor] = None, v_descale: Optional[torch.Tensor] = None, gen: Optional[torch.Generator] = None, cu_seqlens_q_padded: Optional[torch.Tensor] = None, cu_seqlens_k_padded: Optional[torch.Tensor] = None) -> List[torch.Tensor]
[aiter] pciChipId: 0x74a1, CU count: 304
[aiter] LoadKernel: _ZN5aiter31fmha_fwd_hd128_fp8_causal_groupE hsaco: /job/aiter-validation/hsa//gfx942/fmha_v3_fwd/MI300/fwd_hd128_fp8_causal_group.co
[W909 15:40:47.800609229 collection.cpp:1133] Warning: ROCTracer produced duplicate flow start: 3 (function operator())
[aiter] LoadKernel: _ZN5aiter37fmha_fwd_hd128_bf16_causal_rtna_groupE hsaco: /job/aiter-validation/hsa//gfx942/fmha_v3_fwd/MI300/fwd_hd128_bf16_causal_rtna_group.co
Traceback (most recent call last):
  File "<string>", line 1, in <module>
  File "/usr/lib/python3.10/runpy.py", line 289, in run_path
    return _run_module_code(code, init_globals, run_name,
  File "/usr/lib/python3.10/runpy.py", line 96, in _run_module_code
    _run_code(code, mod_globals, init_globals,
  File "/usr/lib/python3.10/runpy.py", line 86, in _run_code
    exec(code, run_globals)
  File "op_tests/test_mha_varlen_fp8.py", line 428, in <module>
    test_flash_attn_varlen_output(
  File "op_tests/test_mha_varlen_fp8.py", line 294, in test_flash_attn_varlen_output
    assert lse_max_diff < 0.01
AssertionError
Output nrms: 0.17578125
Output max diff: 0.04296875
LSE max diff: 3.2909841537475586
