[aiter] WARNING: NUMA balancing is enabled, which may cause errors. It is recommended to disable NUMA balancing by running "sudo sh -c 'echo 0 > /proc/sys/kernel/numa_balancing'" for more details: https://rocm.docs.amd.com/en/latest/how-to/system-optimization/mi300x.html#disable-numa-auto-balancing
[aiter] import [module_aiter_core] under /job/aiter-candidate-build-cache/jit/module_aiter_core.so
[aiter] [pid=36634 pname=MainProcess] start build [mha_fwd_fp8bf16_nbias_nmask_lse_ndropout_pertensor] under /job/aiter-candidate-build-cache/jit/build/mha_fwd_fp8bf16_nbias_nmask_lse_ndropout_pertensor
[aiter] Current hipcc not support: -mllvm -amdgpu-coerce-illegal-types=1, skip it.
[aiter] [pid=36634 pname=MainProcess] [32mfinish build [mha_fwd_fp8bf16_nbias_nmask_lse_ndropout_pertensor], cost 38.4s [0m
[aiter] import [mha_fwd_fp8bf16_nbias_nmask_lse_ndropout_pertensor] under /job/aiter-candidate-build-cache/jit/mha_fwd_fp8bf16_nbias_nmask_lse_ndropout_pertensor.so
[aiter] type hints mismatch, override to --> mha_fwd(q: torch.Tensor, k: torch.Tensor, v: torch.Tensor, dropout_p: float, softmax_scale: float, is_causal: bool, window_size_left: int, window_size_right: int, sink_size: int, return_softmax_lse: bool, return_dropout_randval: bool, cu_seqlens_q: Optional[torch.Tensor] = None, cu_seqlens_kv: Optional[torch.Tensor] = None, out: Optional[torch.Tensor] = None, bias: Optional[torch.Tensor] = None, alibi_slopes: Optional[torch.Tensor] = None, q_descale: Optional[torch.Tensor] = None, k_descale: Optional[torch.Tensor] = None, v_descale: Optional[torch.Tensor] = None, sink_ptr: Optional[torch.Tensor] = None, gen: Optional[torch.Generator] = None) -> List[torch.Tensor]
Traceback (most recent call last):
  File "/job/aiter-main/reports/j-d6e546987377/repro_lse.py", line 228, in <module>
    main()
  File "/job/aiter-main/reports/j-d6e546987377/repro_lse.py", line 220, in main
    result, tensors = run_fixed(args) if args.path == "fixed" else run_varlen(args)
  File "/job/aiter-main/reports/j-d6e546987377/repro_lse.py", line 81, in run_fixed
    output, lse, _, _ = _flash_attn_forward(
  File "/job/aiter-candidate/aiter/ops/mha.py", line 2260, in _flash_attn_forward
    out_, softmax_lse, S_dmask, rng_state = mha_fwd(
  File "/job/aiter-candidate/aiter/jit/utils/torch_guard.py", line 294, in wrapper_custom
    getattr(torch.ops.aiter, f"{loadName}")(*args, **kwargs)
  File "/opt/venv/lib/python3.10/site-packages/torch/_ops.py", line 1255, in __call__
    return self._op(*args, **kwargs)
  File "/job/aiter-candidate/aiter/jit/utils/torch_guard.py", line 317, in outer_wrapper
    wrapper(*args, **kwargs)
  File "/job/aiter-candidate/aiter/jit/utils/torch_guard.py", line 211, in wrapper
    return func(*args, **kwargs)
  File "/job/aiter-candidate/aiter/jit/core.py", line 2131, in custom_wrapper
    return wrapper(*args, **kwargs)
  File "/job/aiter-candidate/aiter/jit/core.py", line 2127, in wrapper
    return op(*args, **kwargs)
RuntimeError: invalid argument for fmha_fwd
